---
source: src/graph.rs
expression: functions
---
functions:
  - capabilities:
      CAPABILITY_ARBITRARY_EXECUTION: CAPABILITY_TYPE_TRANSITIVE
    display_name: a
    language: unknown
    location: ~
  - capabilities:
      CAPABILITY_ARBITRARY_EXECUTION: CAPABILITY_TYPE_TRANSITIVE
    display_name: b
    language: unknown
    location: ~
  - capabilities: {}
    display_name: c
    language: unknown
    location: ~
  - capabilities:
      CAPABILITY_ARBITRARY_EXECUTION: CAPABILITY_TYPE_DIRECT
    display_name: d
    language: unknown
    location: ~
  - capabilities: {}
    display_name: e
    language: unknown
    location: ~
ids:
  a: 0
  b: 1
  c: 2
  d: 3
  e: 4
